fail: Microsoft.AspNetCore.Diagnostics.DeveloperExceptionPageMiddleware[UnhandledException] @ 2024-07-12T08:51:56.7816664+07:00
      An unhandled exception has occurred while executing the request.
Microsoft.Data.SqlClient.SqlException (0x80131904): Invalid object name 'ChargePoint'.
   at Microsoft.Data.SqlClient.SqlConnection.OnError(SqlException exception, Boolean breakConnection, Action`1 wrapCloseInAction)
   at Microsoft.Data.SqlClient.TdsParser.ThrowExceptionAndWarning(TdsParserStateObject stateObj, Boolean callerHasConnectionLock, Boolean asyncClose)
   at Microsoft.Data.SqlClient.TdsParser.TryRun(RunBehavior runBehavior, SqlCommand cmdHandler, SqlDataReader dataStream, BulkCopySimpleResultSet bulkCopyHandler, TdsParserStateObject stateObj, Boolean& dataReady)
   at Microsoft.Data.SqlClient.SqlDataReader.TryConsumeMetaData()
   at Microsoft.Data.SqlClient.SqlDataReader.get_MetaData()
   at Microsoft.Data.SqlClient.SqlCommand.FinishExecuteReader(SqlDataReader ds, RunBehavior runBehavior, String resetOptionsString, Boolean isInternal, Boolean forDescribeParameterEncryption, Boolean shouldCacheForAlwaysEncrypted)
   at Microsoft.Data.SqlClient.SqlCommand.RunExecuteReaderTds(CommandBehavior cmdBehavior, RunBehavior runBehavior, Boolean returnStream, Boolean isAsync, Int32 timeout, Task& task, Boolean asyncWrite, Boolean inRetry, SqlDataReader ds, Boolean describeParameterEncryptionRequest)
   at Microsoft.Data.SqlClient.SqlCommand.RunExecuteReader(CommandBehavior cmdBehavior, RunBehavior runBehavior, Boolean returnStream, TaskCompletionSource`1 completion, Int32 timeout, Task& task, Boolean& usedCache, Boolean asyncWrite, Boolean inRetry, String method)
   at Microsoft.Data.SqlClient.SqlCommand.ExecuteReader(CommandBehavior behavior)
   at Microsoft.EntityFrameworkCore.Storage.RelationalCommand.ExecuteReader(RelationalCommandParameterObject parameterObject)
   at Microsoft.EntityFrameworkCore.Query.Internal.SingleQueryingEnumerable`1.Enumerator.InitializeReader(Enumerator enumerator)
   at Microsoft.EntityFrameworkCore.Storage.ExecutionStrategy.<>c__DisplayClass31_0`2.<Execute>b__0(DbContext context, TState state)
   at Microsoft.EntityFrameworkCore.Storage.ExecutionStrategy.ExecuteImplementation[TState,TResult](Func`3 operation, Func`3 verifySucceeded, TState state)
   at Microsoft.EntityFrameworkCore.Storage.ExecutionStrategy.Execute[TState,TResult](TState state, Func`3 operation, Func`3 verifySucceeded)
   at Microsoft.EntityFrameworkCore.Query.Internal.SingleQueryingEnumerable`1.Enumerator.MoveNext()
   at System.Linq.Enumerable.TryGetSingle[TSource](IEnumerable`1 source, Boolean& found)
   at lambda_method72(Closure , QueryContext )
   at System.Linq.Queryable.FirstOrDefault[TSource](IQueryable`1 source, Expression`1 predicate)
   at Microsoft.EntityFrameworkCore.Internal.EntityFinder`1.Find(Object[] keyValues)
   at FocusEV.OCPP.Server.OCPPMiddleware.Invoke(HttpContext context) in C:\Users\ASUS\FOCUS_SolarEV\Work\OCPP.Solaev_Platform_030724\FocusEV.OCPP.Server\OCPPMiddleware.cs:line 297
   at Microsoft.AspNetCore.Diagnostics.DeveloperExceptionPageMiddleware.Invoke(HttpContext context)
ClientConnectionId:fc35a06d-dffd-4a71-a910-f65c1f5d4b5a
Error Number:208,State:1,Class:16
info: OCPPMiddleware[0] @ 2024-07-12T08:52:42.3917923+07:00
      OCPPMiddleware => SUCCESS: Found chargepoint with identifier=InsituHCM
info: OCPPMiddleware[0] @ 2024-07-12T08:52:42.3919258+07:00
      OCPPMiddleware => No authentication for chargepoint 'InsituHCM' configured
trce: OCPPMiddleware[0] @ 2024-07-12T08:52:42.3961723+07:00
      OCPPMiddleware => Store/Update status object
trce: OCPPMiddleware[0] @ 2024-07-12T08:52:42.3962621+07:00
      OCPPMiddleware => Waiting for message...
trce: OCPPMiddleware[0] @ 2024-07-12T08:52:42.4022337+07:00
      OCPPMiddleware => WebSocket connection with charge point 'InsituHCM'
trce: OCPPMiddleware.OCPP16[0] @ 2024-07-12T08:52:42.4202423+07:00
      OCPPMiddleware.Receive16 => Receiving segment: 326 bytes (EndOfMessage=True / MsgType=Text)
fail: OCPPMiddleware.OCPP16[0] @ 2024-07-12T08:52:42.5097214+07:00
      OCPPMiddleware.Receive16 => Error dumping incoming message to path: 'wwwroot/Logs/OCPP\2024-07-12_08-52-42-4204_ocpp16-in.txt'
System.IO.DirectoryNotFoundException: Could not find a part of the path 'C:\Users\ASUS\FOCUS_SolarEV\Work\OCPP.Solaev_Platform_030724\FocusEV.OCPP.Server\wwwroot\Logs\OCPP\2024-07-12_08-52-42-4204_ocpp16-in.txt'.
   at Microsoft.Win32.SafeHandles.SafeFileHandle.CreateFile(String fullPath, FileMode mode, FileAccess access, FileShare share, FileOptions options)
   at Microsoft.Win32.SafeHandles.SafeFileHandle.Open(String fullPath, FileMode mode, FileAccess access, FileShare share, FileOptions options, Int64 preallocationSize)
   at System.IO.File.OpenHandle(String path, FileMode mode, FileAccess access, FileShare share, FileOptions options, Int64 preallocationSize)
   at System.IO.File.WriteAllBytes(String path, Byte[] bytes)
   at FocusEV.OCPP.Server.OCPPMiddleware.Receive16(ChargePointStatus chargePointStatus, HttpContext context) in C:\Users\ASUS\FOCUS_SolarEV\Work\OCPP.Solaev_Platform_030724\FocusEV.OCPP.Server\OCPPMiddleware.OCPP16.cs:line 432
info: OCPPMiddleware.OCPP16[0] @ 2024-07-12T08:52:42.5194458+07:00
      OCPPMiddleware.Receive16 => OCPP-Message: Type=2 / ID=iKXPuirCkNwPsGrePJ6ayi3BUf0ix0CUthIa / Action=BootNotification)
trce: OCPPMiddleware.OCPP16[0] @ 2024-07-12T08:52:42.5198982+07:00
      My logBootNotification
trce: OCPPMiddleware.OCPP16[0] @ 2024-07-12T08:52:43.9349526+07:00
      OCPPMiddleware.OCPP16 => SendOcppMessage: [3,"iKXPuirCkNwPsGrePJ6ayi3BUf0ix0CUthIa",{"status":"Accepted","currentTime":"2024-07-12T01:52:43.6118314+00:00","interval":300}]
fail: OCPPMiddleware.OCPP16[0] @ 2024-07-12T08:52:43.9444178+07:00
      OCPPMiddleware.SendOcpp16Message=> Error dumping message to path: 'wwwroot/Logs/OCPP\2024-07-12_08-52-43-9349_ocpp16-out.txt'
System.IO.DirectoryNotFoundException: Could not find a part of the path 'C:\Users\ASUS\FOCUS_SolarEV\Work\OCPP.Solaev_Platform_030724\FocusEV.OCPP.Server\wwwroot\Logs\OCPP\2024-07-12_08-52-43-9349_ocpp16-out.txt'.
   at Microsoft.Win32.SafeHandles.SafeFileHandle.CreateFile(String fullPath, FileMode mode, FileAccess access, FileShare share, FileOptions options)
   at Microsoft.Win32.SafeHandles.SafeFileHandle.Open(String fullPath, FileMode mode, FileAccess access, FileShare share, FileOptions options, Int64 preallocationSize)
   at System.IO.Strategies.OSFileStreamStrategy..ctor(String path, FileMode mode, FileAccess access, FileShare share, FileOptions options, Int64 preallocationSize)
   at System.IO.Strategies.FileStreamHelpers.ChooseStrategyCore(String path, FileMode mode, FileAccess access, FileShare share, FileOptions options, Int64 preallocationSize)
   at System.IO.Strategies.FileStreamHelpers.ChooseStrategy(FileStream fileStream, String path, FileMode mode, FileAccess access, FileShare share, Int32 bufferSize, FileOptions options, Int64 preallocationSize)
   at System.IO.StreamWriter.ValidateArgsAndOpenPath(String path, Boolean append, Encoding encoding, Int32 bufferSize)
   at System.IO.File.WriteAllText(String path, String contents)
   at FocusEV.OCPP.Server.OCPPMiddleware.SendOcpp16Message(OCPPMessage msg, ILogger logger, WebSocket webSocket) in C:\Users\ASUS\FOCUS_SolarEV\Work\OCPP.Solaev_Platform_030724\FocusEV.OCPP.Server\OCPPMiddleware.OCPP16.cs:line 603
trce: OCPPMiddleware.OCPP16[0] @ 2024-07-12T08:54:26.7116457+07:00
      OCPPMiddleware.Receive16 => Receiving segment: 75 bytes (EndOfMessage=True / MsgType=Text)
fail: OCPPMiddleware.OCPP16[0] @ 2024-07-12T08:54:26.7228945+07:00
      OCPPMiddleware.Receive16 => Error dumping incoming message to path: 'wwwroot/Logs/OCPP\2024-07-12_08-54-26-7134_ocpp16-in.txt'
System.IO.DirectoryNotFoundException: Could not find a part of the path 'C:\Users\ASUS\FOCUS_SolarEV\Work\OCPP.Solaev_Platform_030724\FocusEV.OCPP.Server\wwwroot\Logs\OCPP\2024-07-12_08-54-26-7134_ocpp16-in.txt'.
   at Microsoft.Win32.SafeHandles.SafeFileHandle.CreateFile(String fullPath, FileMode mode, FileAccess access, FileShare share, FileOptions options)
   at Microsoft.Win32.SafeHandles.SafeFileHandle.Open(String fullPath, FileMode mode, FileAccess access, FileShare share, FileOptions options, Int64 preallocationSize)
   at System.IO.File.OpenHandle(String path, FileMode mode, FileAccess access, FileShare share, FileOptions options, Int64 preallocationSize)
   at System.IO.File.WriteAllBytes(String path, Byte[] bytes)
   at FocusEV.OCPP.Server.OCPPMiddleware.Receive16(ChargePointStatus chargePointStatus, HttpContext context) in C:\Users\ASUS\FOCUS_SolarEV\Work\OCPP.Solaev_Platform_030724\FocusEV.OCPP.Server\OCPPMiddleware.OCPP16.cs:line 432
info: OCPPMiddleware.OCPP16[0] @ 2024-07-12T08:54:26.7234261+07:00
      OCPPMiddleware.Receive16 => OCPP-Message: Type=2 / ID=iKXPuirCkNwPsGrePJ6ayi3BUf0ix0CUthIa / Action=Authorize)
trce: OCPPMiddleware.OCPP16[0] @ 2024-07-12T08:54:26.7234409+07:00
      My logAuthorize
info: FocusEV.OCPP.Server.ControllerOCPP16[0] @ 2024-07-12T08:54:26.8757499+07:00
      Authorize => Status: Accepted
trce: OCPPMiddleware.OCPP16[0] @ 2024-07-12T08:54:26.9009324+07:00
      OCPPMiddleware.OCPP16 => SendOcppMessage: [3,"iKXPuirCkNwPsGrePJ6ayi3BUf0ix0CUthIa",{"idTagInfo":{"expiryDate":"2024-07-12T01:59:26.7463957+00:00","status":"Accepted"}}]
fail: OCPPMiddleware.OCPP16[0] @ 2024-07-12T08:54:26.9037348+07:00
      OCPPMiddleware.SendOcpp16Message=> Error dumping message to path: 'wwwroot/Logs/OCPP\2024-07-12_08-54-26-9009_ocpp16-out.txt'
System.IO.DirectoryNotFoundException: Could not find a part of the path 'C:\Users\ASUS\FOCUS_SolarEV\Work\OCPP.Solaev_Platform_030724\FocusEV.OCPP.Server\wwwroot\Logs\OCPP\2024-07-12_08-54-26-9009_ocpp16-out.txt'.
   at Microsoft.Win32.SafeHandles.SafeFileHandle.CreateFile(String fullPath, FileMode mode, FileAccess access, FileShare share, FileOptions options)
   at Microsoft.Win32.SafeHandles.SafeFileHandle.Open(String fullPath, FileMode mode, FileAccess access, FileShare share, FileOptions options, Int64 preallocationSize)
   at System.IO.Strategies.OSFileStreamStrategy..ctor(String path, FileMode mode, FileAccess access, FileShare share, FileOptions options, Int64 preallocationSize)
   at System.IO.Strategies.FileStreamHelpers.ChooseStrategyCore(String path, FileMode mode, FileAccess access, FileShare share, FileOptions options, Int64 preallocationSize)
   at System.IO.Strategies.FileStreamHelpers.ChooseStrategy(FileStream fileStream, String path, FileMode mode, FileAccess access, FileShare share, Int32 bufferSize, FileOptions options, Int64 preallocationSize)
   at System.IO.StreamWriter.ValidateArgsAndOpenPath(String path, Boolean append, Encoding encoding, Int32 bufferSize)
   at System.IO.File.WriteAllText(String path, String contents)
   at FocusEV.OCPP.Server.OCPPMiddleware.SendOcpp16Message(OCPPMessage msg, ILogger logger, WebSocket webSocket) in C:\Users\ASUS\FOCUS_SolarEV\Work\OCPP.Solaev_Platform_030724\FocusEV.OCPP.Server\OCPPMiddleware.OCPP16.cs:line 603
trce: OCPPMiddleware.OCPP16[0] @ 2024-07-12T08:55:19.2023178+07:00
      OCPPMiddleware.Receive16 => Receiving segment: 168 bytes (EndOfMessage=True / MsgType=Text)
fail: OCPPMiddleware.OCPP16[0] @ 2024-07-12T08:55:19.2068149+07:00
      OCPPMiddleware.Receive16 => Error dumping incoming message to path: 'wwwroot/Logs/OCPP\2024-07-12_08-55-19-2024_ocpp16-in.txt'
System.IO.DirectoryNotFoundException: Could not find a part of the path 'C:\Users\ASUS\FOCUS_SolarEV\Work\OCPP.Solaev_Platform_030724\FocusEV.OCPP.Server\wwwroot\Logs\OCPP\2024-07-12_08-55-19-2024_ocpp16-in.txt'.
   at Microsoft.Win32.SafeHandles.SafeFileHandle.CreateFile(String fullPath, FileMode mode, FileAccess access, FileShare share, FileOptions options)
   at Microsoft.Win32.SafeHandles.SafeFileHandle.Open(String fullPath, FileMode mode, FileAccess access, FileShare share, FileOptions options, Int64 preallocationSize)
   at System.IO.File.OpenHandle(String path, FileMode mode, FileAccess access, FileShare share, FileOptions options, Int64 preallocationSize)
   at System.IO.File.WriteAllBytes(String path, Byte[] bytes)
   at FocusEV.OCPP.Server.OCPPMiddleware.Receive16(ChargePointStatus chargePointStatus, HttpContext context) in C:\Users\ASUS\FOCUS_SolarEV\Work\OCPP.Solaev_Platform_030724\FocusEV.OCPP.Server\OCPPMiddleware.OCPP16.cs:line 432
info: OCPPMiddleware.OCPP16[0] @ 2024-07-12T08:55:19.2079960+07:00
      OCPPMiddleware.Receive16 => OCPP-Message: Type=2 / ID=iKXPuirCkNwPsGrePJ6ayi3BUf0ix0CUthIa / Action=StartTransaction)
trce: OCPPMiddleware.OCPP16[0] @ 2024-07-12T08:55:19.2080511+07:00
      My logStartTransaction
info: FocusEV.OCPP.Server.ControllerOCPP16[0] @ 2024-07-12T08:55:19.2631683+07:00
      StartTransaction => Charge tag='587A91AC' => Status: Accepted
info: FocusEV.OCPP.Server.ControllerOCPP16[0] @ 2024-07-12T08:55:19.3779396+07:00
      UpdateConnectorStatus => Save ConnectorStatus: ID=InsituHCM / Connector=1 / Status=Occupied / Meter=0
trce: OCPPMiddleware.OCPP16[0] @ 2024-07-12T08:55:19.5866892+07:00
      OCPPMiddleware.OCPP16 => SendOcppMessage: [3,"iKXPuirCkNwPsGrePJ6ayi3BUf0ix0CUthIa",{"idTagInfo":{"expiryDate":"2199-12-31T00:00:00+07:00","status":"Accepted"},"transactionId":80061}]
fail: OCPPMiddleware.OCPP16[0] @ 2024-07-12T08:55:19.5882271+07:00
      OCPPMiddleware.SendOcpp16Message=> Error dumping message to path: 'wwwroot/Logs/OCPP\2024-07-12_08-55-19-5867_ocpp16-out.txt'
System.IO.DirectoryNotFoundException: Could not find a part of the path 'C:\Users\ASUS\FOCUS_SolarEV\Work\OCPP.Solaev_Platform_030724\FocusEV.OCPP.Server\wwwroot\Logs\OCPP\2024-07-12_08-55-19-5867_ocpp16-out.txt'.
   at Microsoft.Win32.SafeHandles.SafeFileHandle.CreateFile(String fullPath, FileMode mode, FileAccess access, FileShare share, FileOptions options)
   at Microsoft.Win32.SafeHandles.SafeFileHandle.Open(String fullPath, FileMode mode, FileAccess access, FileShare share, FileOptions options, Int64 preallocationSize)
   at System.IO.Strategies.OSFileStreamStrategy..ctor(String path, FileMode mode, FileAccess access, FileShare share, FileOptions options, Int64 preallocationSize)
   at System.IO.Strategies.FileStreamHelpers.ChooseStrategyCore(String path, FileMode mode, FileAccess access, FileShare share, FileOptions options, Int64 preallocationSize)
   at System.IO.Strategies.FileStreamHelpers.ChooseStrategy(FileStream fileStream, String path, FileMode mode, FileAccess access, FileShare share, Int32 bufferSize, FileOptions options, Int64 preallocationSize)
   at System.IO.StreamWriter.ValidateArgsAndOpenPath(String path, Boolean append, Encoding encoding, Int32 bufferSize)
   at System.IO.File.WriteAllText(String path, String contents)
   at FocusEV.OCPP.Server.OCPPMiddleware.SendOcpp16Message(OCPPMessage msg, ILogger logger, WebSocket webSocket) in C:\Users\ASUS\FOCUS_SolarEV\Work\OCPP.Solaev_Platform_030724\FocusEV.OCPP.Server\OCPPMiddleware.OCPP16.cs:line 603
trce: OCPPMiddleware.OCPP16[0] @ 2024-07-12T08:56:17.4853634+07:00
      OCPPMiddleware.Receive16 => Receiving segment: 159 bytes (EndOfMessage=True / MsgType=Text)
fail: OCPPMiddleware.OCPP16[0] @ 2024-07-12T08:56:17.4864652+07:00
      OCPPMiddleware.Receive16 => Error dumping incoming message to path: 'wwwroot/Logs/OCPP\2024-07-12_08-56-17-4854_ocpp16-in.txt'
System.IO.DirectoryNotFoundException: Could not find a part of the path 'C:\Users\ASUS\FOCUS_SolarEV\Work\OCPP.Solaev_Platform_030724\FocusEV.OCPP.Server\wwwroot\Logs\OCPP\2024-07-12_08-56-17-4854_ocpp16-in.txt'.
   at Microsoft.Win32.SafeHandles.SafeFileHandle.CreateFile(String fullPath, FileMode mode, FileAccess access, FileShare share, FileOptions options)
   at Microsoft.Win32.SafeHandles.SafeFileHandle.Open(String fullPath, FileMode mode, FileAccess access, FileShare share, FileOptions options, Int64 preallocationSize)
   at System.IO.File.OpenHandle(String path, FileMode mode, FileAccess access, FileShare share, FileOptions options, Int64 preallocationSize)
   at System.IO.File.WriteAllBytes(String path, Byte[] bytes)
   at FocusEV.OCPP.Server.OCPPMiddleware.Receive16(ChargePointStatus chargePointStatus, HttpContext context) in C:\Users\ASUS\FOCUS_SolarEV\Work\OCPP.Solaev_Platform_030724\FocusEV.OCPP.Server\OCPPMiddleware.OCPP16.cs:line 432
info: OCPPMiddleware.OCPP16[0] @ 2024-07-12T08:56:17.4867806+07:00
      OCPPMiddleware.Receive16 => OCPP-Message: Type=2 / ID=iKXPuirCkNwPsGrePJ6ayi3BUf0ix0CUthIa / Action=StopTransaction)
trce: OCPPMiddleware.OCPP16[0] @ 2024-07-12T08:56:17.4867886+07:00
      My logStopTransaction
info: FocusEV.OCPP.Server.ControllerOCPP16[0] @ 2024-07-12T08:56:17.5741187+07:00
      StopTransaction => RFID-tag='587A91AC' => Status: Accepted
info: FocusEV.OCPP.Server.ControllerOCPP16[0] @ 2024-07-12T08:56:17.5923606+07:00
      UpdateConnectorStatus => Save ConnectorStatus: ID=InsituHCM / Connector=1 / Status=(null) / Meter=1
trce: OCPPMiddleware.OCPP16[0] @ 2024-07-12T08:56:18.0530816+07:00
      OCPPMiddleware.OCPP16 => SendOcppMessage: [3,"iKXPuirCkNwPsGrePJ6ayi3BUf0ix0CUthIa",{"idTagInfo":{"expiryDate":"2199-12-31T00:00:00+07:00","status":"Accepted"}}]
fail: OCPPMiddleware.OCPP16[0] @ 2024-07-12T08:56:18.0544667+07:00
      OCPPMiddleware.SendOcpp16Message=> Error dumping message to path: 'wwwroot/Logs/OCPP\2024-07-12_08-56-18-0531_ocpp16-out.txt'
System.IO.DirectoryNotFoundException: Could not find a part of the path 'C:\Users\ASUS\FOCUS_SolarEV\Work\OCPP.Solaev_Platform_030724\FocusEV.OCPP.Server\wwwroot\Logs\OCPP\2024-07-12_08-56-18-0531_ocpp16-out.txt'.
   at Microsoft.Win32.SafeHandles.SafeFileHandle.CreateFile(String fullPath, FileMode mode, FileAccess access, FileShare share, FileOptions options)
   at Microsoft.Win32.SafeHandles.SafeFileHandle.Open(String fullPath, FileMode mode, FileAccess access, FileShare share, FileOptions options, Int64 preallocationSize)
   at System.IO.Strategies.OSFileStreamStrategy..ctor(String path, FileMode mode, FileAccess access, FileShare share, FileOptions options, Int64 preallocationSize)
   at System.IO.Strategies.FileStreamHelpers.ChooseStrategyCore(String path, FileMode mode, FileAccess access, FileShare share, FileOptions options, Int64 preallocationSize)
   at System.IO.Strategies.FileStreamHelpers.ChooseStrategy(FileStream fileStream, String path, FileMode mode, FileAccess access, FileShare share, Int32 bufferSize, FileOptions options, Int64 preallocationSize)
   at System.IO.StreamWriter.ValidateArgsAndOpenPath(String path, Boolean append, Encoding encoding, Int32 bufferSize)
   at System.IO.File.WriteAllText(String path, String contents)
   at FocusEV.OCPP.Server.OCPPMiddleware.SendOcpp16Message(OCPPMessage msg, ILogger logger, WebSocket webSocket) in C:\Users\ASUS\FOCUS_SolarEV\Work\OCPP.Solaev_Platform_030724\FocusEV.OCPP.Server\OCPPMiddleware.OCPP16.cs:line 603
trce: OCPPMiddleware.OCPP16[0] @ 2024-07-12T08:57:04.6053083+07:00
      OCPPMiddleware.Receive16 => Receiving segment: 155 bytes (EndOfMessage=True / MsgType=Text)
fail: OCPPMiddleware.OCPP16[0] @ 2024-07-12T08:57:04.6070518+07:00
      OCPPMiddleware.Receive16 => Error dumping incoming message to path: 'wwwroot/Logs/OCPP\2024-07-12_08-57-04-6054_ocpp16-in.txt'
System.IO.DirectoryNotFoundException: Could not find a part of the path 'C:\Users\ASUS\FOCUS_SolarEV\Work\OCPP.Solaev_Platform_030724\FocusEV.OCPP.Server\wwwroot\Logs\OCPP\2024-07-12_08-57-04-6054_ocpp16-in.txt'.
   at Microsoft.Win32.SafeHandles.SafeFileHandle.CreateFile(String fullPath, FileMode mode, FileAccess access, FileShare share, FileOptions options)
   at Microsoft.Win32.SafeHandles.SafeFileHandle.Open(String fullPath, FileMode mode, FileAccess access, FileShare share, FileOptions options, Int64 preallocationSize)
   at System.IO.File.OpenHandle(String path, FileMode mode, FileAccess access, FileShare share, FileOptions options, Int64 preallocationSize)
   at System.IO.File.WriteAllBytes(String path, Byte[] bytes)
   at FocusEV.OCPP.Server.OCPPMiddleware.Receive16(ChargePointStatus chargePointStatus, HttpContext context) in C:\Users\ASUS\FOCUS_SolarEV\Work\OCPP.Solaev_Platform_030724\FocusEV.OCPP.Server\OCPPMiddleware.OCPP16.cs:line 432
info: OCPPMiddleware.OCPP16[0] @ 2024-07-12T08:57:04.6073180+07:00
      OCPPMiddleware.Receive16 => OCPP-Message: Type=2 / ID=iKXPuirCkNwPsGrePJ6ayi3BUf0ix0CUthIa / Action=StopTransaction)
trce: OCPPMiddleware.OCPP16[0] @ 2024-07-12T08:57:04.6073268+07:00
      My logStopTransaction
fail: FocusEV.OCPP.Server.ControllerOCPP16[0] @ 2024-07-12T08:57:04.6279230+07:00
      StopTransaction => Exception: Error converting value {null} to type 'System.Int32'. Path 'meterStop', line 1, position 93.
Newtonsoft.Json.JsonSerializationException: Error converting value {null} to type 'System.Int32'. Path 'meterStop', line 1, position 93.
 ---> System.InvalidCastException: Null object cannot be converted to a value type.
   at System.Convert.ChangeType(Object value, Type conversionType, IFormatProvider provider)
   at Newtonsoft.Json.Serialization.JsonSerializerInternalReader.EnsureType(JsonReader reader, Object value, CultureInfo culture, JsonContract contract, Type targetType)
   --- End of inner exception stack trace ---
   at Newtonsoft.Json.Serialization.JsonSerializerInternalReader.EnsureType(JsonReader reader, Object value, CultureInfo culture, JsonContract contract, Type targetType)
   at Newtonsoft.Json.Serialization.JsonSerializerInternalReader.CreateValueInternal(JsonReader reader, Type objectType, JsonContract contract, JsonProperty member, JsonContainerContract containerContract, JsonProperty containerMember, Object existingValue)
   at Newtonsoft.Json.Serialization.JsonSerializerInternalReader.SetPropertyValue(JsonProperty property, JsonConverter propertyConverter, JsonContainerContract containerContract, JsonProperty containerProperty, JsonReader reader, Object target)
   at Newtonsoft.Json.Serialization.JsonSerializerInternalReader.PopulateObject(Object newObject, JsonReader reader, JsonObjectContract contract, JsonProperty member, String id)
   at Newtonsoft.Json.Serialization.JsonSerializerInternalReader.CreateObject(JsonReader reader, Type objectType, JsonContract contract, JsonProperty member, JsonContainerContract containerContract, JsonProperty containerMember, Object existingValue)
   at Newtonsoft.Json.Serialization.JsonSerializerInternalReader.CreateValueInternal(JsonReader reader, Type objectType, JsonContract contract, JsonProperty member, JsonContainerContract containerContract, JsonProperty containerMember, Object existingValue)
   at Newtonsoft.Json.Serialization.JsonSerializerInternalReader.Deserialize(JsonReader reader, Type objectType, Boolean checkAdditionalContent)
   at Newtonsoft.Json.JsonSerializer.DeserializeInternal(JsonReader reader, Type objectType)
   at Newtonsoft.Json.JsonSerializer.Deserialize(JsonReader reader, Type objectType)
   at Newtonsoft.Json.JsonConvert.DeserializeObject(String value, Type type, JsonSerializerSettings settings)
   at Newtonsoft.Json.JsonConvert.DeserializeObject[T](String value, JsonSerializerSettings settings)
   at Newtonsoft.Json.JsonConvert.DeserializeObject[T](String value)
   at FocusEV.OCPP.Server.ControllerOCPP16.HandleStopTransaction(OCPPMessage msgIn, OCPPMessage msgOut) in C:\Users\ASUS\FOCUS_SolarEV\Work\OCPP.Solaev_Platform_030724\FocusEV.OCPP.Server\ControllerOCPP16.StopTransaction.cs:line 34
dbug: FocusEV.OCPP.Server.ControllerOCPP16[0] @ 2024-07-12T08:57:04.6356451+07:00
      ControllerOCPP16 => Return error code messge: ErrorCode=Error converting value {null} to type 'System.Int32'. Path 'meterStop', line 1, position 93.
trce: OCPPMiddleware.OCPP16[0] @ 2024-07-12T08:57:04.6357142+07:00
      OCPPMiddleware.OCPP16 => SendOcppMessage: [4,"iKXPuirCkNwPsGrePJ6ayi3BUf0ix0CUthIa","Error converting value {null} to type 'System.Int32'. Path 'meterStop', line 1, position 93.","",{}]
fail: OCPPMiddleware.OCPP16[0] @ 2024-07-12T08:57:04.6366332+07:00
      OCPPMiddleware.SendOcpp16Message=> Error dumping message to path: 'wwwroot/Logs/OCPP\2024-07-12_08-57-04-6357_ocpp16-out.txt'
System.IO.DirectoryNotFoundException: Could not find a part of the path 'C:\Users\ASUS\FOCUS_SolarEV\Work\OCPP.Solaev_Platform_030724\FocusEV.OCPP.Server\wwwroot\Logs\OCPP\2024-07-12_08-57-04-6357_ocpp16-out.txt'.
   at Microsoft.Win32.SafeHandles.SafeFileHandle.CreateFile(String fullPath, FileMode mode, FileAccess access, FileShare share, FileOptions options)
   at Microsoft.Win32.SafeHandles.SafeFileHandle.Open(String fullPath, FileMode mode, FileAccess access, FileShare share, FileOptions options, Int64 preallocationSize)
   at System.IO.Strategies.OSFileStreamStrategy..ctor(String path, FileMode mode, FileAccess access, FileShare share, FileOptions options, Int64 preallocationSize)
   at System.IO.Strategies.FileStreamHelpers.ChooseStrategyCore(String path, FileMode mode, FileAccess access, FileShare share, FileOptions options, Int64 preallocationSize)
   at System.IO.Strategies.FileStreamHelpers.ChooseStrategy(FileStream fileStream, String path, FileMode mode, FileAccess access, FileShare share, Int32 bufferSize, FileOptions options, Int64 preallocationSize)
   at System.IO.StreamWriter.ValidateArgsAndOpenPath(String path, Boolean append, Encoding encoding, Int32 bufferSize)
   at System.IO.File.WriteAllText(String path, String contents)
   at FocusEV.OCPP.Server.OCPPMiddleware.SendOcpp16Message(OCPPMessage msg, ILogger logger, WebSocket webSocket) in C:\Users\ASUS\FOCUS_SolarEV\Work\OCPP.Solaev_Platform_030724\FocusEV.OCPP.Server\OCPPMiddleware.OCPP16.cs:line 603
info: OCPPMiddleware.OCPP16[0] @ 2024-07-12T08:57:09.8390738+07:00
      OCPPMiddleware.Receive16 => WebSocket Closed: CloseStatus=3001 / MessageType=Close
info: OCPPMiddleware.OCPP16[0] @ 2024-07-12T08:57:09.8405966+07:00
      OCPPMiddleware.Receive16 => Websocket closed: State=Closed / CloseStatus=3001
trce: OCPPMiddleware[0] @ 2024-07-12T09:23:29.5154985+07:00
      OCPPMiddleware => Websocket request: Path='/'
trce: OCPPMiddleware[0] @ 2024-07-12T09:23:29.5893239+07:00
      OCPPMiddleware => Index status page
trce: OCPPMiddleware[0] @ 2024-07-12T09:23:32.7350845+07:00
      OCPPMiddleware => Websocket request: Path='/favicon.ico'
warn: OCPPMiddleware[0] @ 2024-07-12T09:23:32.7855258+07:00
      OCPPMiddleware => Bad path request
trce: OCPPMiddleware[0] @ 2025-02-05T13:47:04.4870024+07:00
      OCPPMiddleware => Websocket request: Path='/'
trce: OCPPMiddleware[0] @ 2025-02-05T13:47:04.5160559+07:00
      OCPPMiddleware => Index status page
trce: OCPPMiddleware[0] @ 2025-02-05T13:47:06.5362456+07:00
      OCPPMiddleware => Websocket request: Path='/favicon.ico'
warn: OCPPMiddleware[0] @ 2025-02-05T13:47:06.5570418+07:00
      OCPPMiddleware => Bad path request
trce: OCPPMiddleware[0] @ 2025-03-31T09:13:59.5918776+07:00
      OCPPMiddleware => Websocket request: Path='/'
trce: OCPPMiddleware[0] @ 2025-03-31T09:13:59.6481097+07:00
      OCPPMiddleware => Index status page
trce: OCPPMiddleware[0] @ 2025-03-31T09:14:02.8061331+07:00
      OCPPMiddleware => Websocket request: Path='/favicon.ico'
warn: OCPPMiddleware[0] @ 2025-03-31T09:14:02.8222038+07:00
      OCPPMiddleware => Bad path request
